
[Router] Analyzing intent...
[Router] Intent determined via keywords: DATA

[Data Agent] Starting execution...

[Tool: execute_bq_query] Running SQL:

SELECT
  batter,
  SUM(is_six) AS total_sixes
FROM
  `adk-mini-project.ipl_stats.deliveries`
WHERE
  is_six = 1
GROUP BY
  batter
ORDER BY
  total_sixes DESC
LIMIT 10


[Router] Checking if plot is needed...
[Router] Plot requested: YES (via keywords)

[Plot Agent] Starting execution...

[Tool: execute_plot_code] Running Plotly code locally...


[Tool: execute_plot_code] Running Plotly code locally...


[Tool: execute_plot_code] Running Plotly code locally...


[Tool: execute_plot_code] Running Plotly code locally...

[Plot saved to: D:\CODE\Practice\ipl_stat_genai\plots\plot_20260627_224620.html]
[Chart opened in browser!]

FINAL RESPONSE:
 {'answer': 'Here are the top 10 players who hit the most sixes in IPL history:\n\n| Player | Total Sixes |\n| :--- | :--- |\n| CH Gayle | 359 |\n| RG Sharma | 324 |\n| V Kohli | 317 |\n| MS Dhoni | 264 |\n| AB de Villiers | 253 |\n| SV Samson | 243 |\n| KL Rahul | 239 |\n| DA Warner | 236 |\n| KA Pollard | 224 |\n| AD Russell | 223 |', 'plot_path': 'D:\\CODE\\Practice\\ipl_stat_genai\\ipl_agent\\..\\plots\\plot_20260627_224620.html', 'messages_update': AIMessage(content='The bar chart showing the top 10 players who have hit the most sixes in IPL history has been generated. It highlights top performers like Chris Gayle, Rohit Sharma, and Virat Kohli.', additional_kwargs={}, response_metadata={'role': 'assistant', 'content': 'The bar chart showing the top 10 players who have hit the most sixes in IPL history has been generated. It highlights top performers like Chris Gayle, Rohit Sharma, and Virat Kohli.', 'refusal': None, 'annotations': None, 'audio': None, 'function_call': None, 'tool_calls': [], 'reasoning': '', 'token_usage': {'prompt_tokens': 2441, 'total_tokens': 2485, 'completion_tokens': 44, 'prompt_tokens_details': None}, 'finish_reason': 'stop', 'model_name': 'google/diffusiongemma-26b-a4b-it'}, id='lc_run--019f0a15-1436-7773-8eab-c2a2c61e31a4-0', tool_calls=[], invalid_tool_calls=[], usage_metadata={'input_tokens': 2441, 'output_tokens': 44, 'total_tokens': 2485}, role='assistant'), 'sql_queries': ['\nSELECT\n  batter,\n  SUM(is_six) AS total_sixes\nFROM\n  `adk-mini-project.ipl_stats.deliveries`\nWHERE\n  is_six = 1\nGROUP BY\n  batter\nORDER BY\n  total_sixes DESC\nLIMIT 10'], 'plot_code': 'import pandas as pd\nimport plotly.express as px\n\n# Load the data \nfile_path = r\'D:\\CODE\\Practice\\ipl_stat_genai\\ipl_agent\\..\\query_results\\query_4c1c2167c7ad4a2a9d6ce638e9fc6f57.csv\'\ndf = pd.read_csv(file_path)\n\n# Let\'s inspect the columns properly to avoid errors\ncols = df.columns.tolist()\nprint(f"Columns found: {cols}")\n\n# Based on the provided table in the prompt response, \n# the columns are likely \'Player\' and \'Sixes\'\n# Let\'s try to map them robustly. \nplayer_col = \'Player\' if \'Player\' in cols else cols[0]\nsixes_col = \'Sixes\' if \'Sixes\' in cols else (\'6s\' if \'6s\' in cols else cols[1])\n\n# Sort the data\ndf_sorted = df.sort_values(by=sixes_col, ascending=False).head(10)\n\n# Create the bar chart\nfig = px.bar(\n    df_sorted,\n    x=player_col,\n    y=sixes_col,\n    title=\'Top 10 Players with Most Sixes Hit in IPL\',\n    labels={player_col: \'Player Name\', sixes_col: \'Total Number of Sixes\'},\n    color=sixes_col,\n    color_continuous_scale=\'Viridis\'\n)\n\nfig.update_layout(\n    template=\'plotly_dark\',\n    xaxis_title=\'Player Name\',\n    yaxis_title=\'Number of Sixes\',\n    hovermode=\'closest\'\n)\n\n# Save the chart\nfig.write_html(__OUTPUT_PATH__, include_plotlyjs=\'cdn\')\n'}
